Component: ARM Compiler 5.06 update 7 (build 960) Tool: armlink [4d3601]

==============================================================================

Section Cross References

    mersenne.o(.text) refers to memcpya.o(.text) for __aeabi_memcpy4
    mersenne.o(.text) refers to cmsis_os2.o(.text) for osThreadFlagsWait
    mersenne.o(.text) refers to system_armcm3.o(.text) for SystemCoreClockUpdate
    mersenne.o(.text) refers to mersenne.o(.constdata) for .constdata
    mersenne.o(.text) refers to mersenne.o(.data) for status
    cmsis_os2.o(.text) refers to tasks.o(.text) for xTaskGetSchedulerState
    cmsis_os2.o(.text) refers to port.o(.text) for xPortSysTickHandler
    cmsis_os2.o(.text) refers to freertos_evr.o(.text) for EvrFreeRTOSSetup
    cmsis_os2.o(.text) refers to memcpya.o(.text) for __aeabi_memcpy
    cmsis_os2.o(.text) refers to os_systick.o(.text) for OS_Tick_GetCount
    cmsis_os2.o(.text) refers to cmsis_os2.o(.data) for KernelState
    cmsis_os2.o(.text) refers to system_armcm3.o(.data) for SystemCoreClock
    cmsis_os2.o(.text) refers to heap_4.o(.text) for pvPortMalloc
    cmsis_os2.o(.text) refers to timers.o(.text) for pvTimerGetTimerID
    cmsis_os2.o(.text) refers to event_groups.o(.text) for xEventGroupCreateStatic
    cmsis_os2.o(.text) refers to queue.o(.text) for xQueueCreateMutexStatic
    cmsis_os2.o(.text) refers to cmsis_os2.o(.bss) for Idle_TCB
    os_systick.o(.text) refers to system_armcm3.o(.data) for SystemCoreClock
    os_systick.o(.text) refers to os_systick.o(.data) for PendST
    eventrecorder.o(.text) refers to eventrecorder.o(.emb_text) for __asm___15_EventRecorder_c_e8d3082c__atomic_inc32
    eventrecorder.o(.text) refers to memseta.o(.text) for __aeabi_memclr4
    eventrecorder.o(.text) refers to eventrecorder.o(.bss.noinit) for EventStatus
    eventrecorder.o(.text) refers to system_armcm3.o(.data) for SystemCoreClock
    eventrecorder.o(.text) refers to eventrecorder.o(.constdata) for EventRecorderInfo
    eventrecorder.o(.text) refers to memcpya.o(.text) for __aeabi_memcpy
    eventrecorder.o(.constdata) refers to eventrecorder.o(.bss.noinit) for EventBuffer
    startup_armcm3.o(RESET) refers to startup_armcm3.o(STACK) for __initial_sp
    startup_armcm3.o(RESET) refers to startup_armcm3.o(.text) for Reset_Handler
    startup_armcm3.o(RESET) refers to port.o(.emb_text) for SVC_Handler
    startup_armcm3.o(RESET) refers to cmsis_os2.o(.text) for SysTick_Handler
    startup_armcm3.o(.text) refers to system_armcm3.o(.text) for SystemInit
    startup_armcm3.o(.text) refers to entry.o(.ARM.Collect$$$$00000000) for __main
    system_armcm3.o(.text) refers to system_armcm3.o(.data) for SystemCoreClock
    system_armcm3.o(.text) refers to startup_armcm3.o(RESET) for __Vectors
    freertos_evr.o(.text) refers to eventrecorder.o(.text) for EventRecorderInitialize
    freertos_evr.o(.text) refers to freertos_evr.o(.data) for init
    event_groups.o(.text) refers to list.o(.text) for vListInitialise
    event_groups.o(.text) refers to freertos_evr.o(.text) for EvrFreeRTOSEventGroups_EventGroupCreate
    event_groups.o(.text) refers to heap_4.o(.text) for pvPortMalloc
    event_groups.o(.text) refers to tasks.o(.text) for vTaskSuspendAll
    event_groups.o(.text) refers to port.o(.text) for vPortEnterCritical
    event_groups.o(.text) refers to timers.o(.text) for xTimerPendFunctionCallFromISR
    heap_4.o(.text) refers to tasks.o(.text) for vTaskSuspendAll
    heap_4.o(.text) refers to freertos_evr.o(.text) for EvrFreeRTOSHeap_Malloc
    heap_4.o(.text) refers to port.o(.text) for vPortEnterCritical
    heap_4.o(.text) refers to heap_4.o(.data) for xStart
    heap_4.o(.text) refers to heap_4.o(.bss) for ucHeap
    port.o(.emb_text) refers to tasks.o(.text) for vTaskSwitchContext
    port.o(.emb_text) refers to tasks.o(.data) for pxCurrentTCB
    port.o(.text) refers to port.o(.emb_text) for __asm___6_port_c_39a90d8d__prvStartFirstTask
    port.o(.text) refers to tasks.o(.text) for xTaskIncrementTick
    port.o(.text) refers to system_armcm3.o(.data) for SystemCoreClock
    port.o(.text) refers to port.o(.data) for uxCriticalNesting
    queue.o(.text) refers to port.o(.text) for vPortEnterCritical
    queue.o(.text) refers to tasks.o(.text) for xTaskRemoveFromEventList
    queue.o(.text) refers to list.o(.text) for vListInitialise
    queue.o(.text) refers to freertos_evr.o(.text) for EvrFreeRTOSQueue_QueueCreate
    queue.o(.text) refers to heap_4.o(.text) for pvPortMalloc
    queue.o(.text) refers to memcpya.o(.text) for __aeabi_memcpy
    tasks.o(.text) refers to list.o(.text) for vListInitialise
    tasks.o(.text) refers to port.o(.text) for vPortEnterCritical
    tasks.o(.text) refers to freertos_evr.o(.text) for EvrFreeRTOSTasks_TaskCreate
    tasks.o(.text) refers to memseta.o(.text) for __aeabi_memset
    tasks.o(.text) refers to heap_4.o(.text) for pvPortMalloc
    tasks.o(.text) refers to tasks.o(.bss) for pxReadyTasksLists
    tasks.o(.text) refers to tasks.o(.data) for pxDelayedTaskList
    tasks.o(.text) refers to cmsis_os2.o(.text) for vApplicationStackOverflowHook
    tasks.o(.text) refers to timers.o(.text) for xTimerCreateTimerTask
    timers.o(.text) refers to list.o(.text) for vListInsert
    timers.o(.text) refers to tasks.o(.text) for xTaskGetSchedulerState
    timers.o(.text) refers to queue.o(.text) for xQueueGenericSend
    timers.o(.text) refers to freertos_evr.o(.text) for EvrFreeRTOSTimers_TimerCommandSend
    timers.o(.text) refers to heap_4.o(.text) for vPortFree
    timers.o(.text) refers to port.o(.text) for vPortEnterCritical
    timers.o(.text) refers to cmsis_os2.o(.text) for vApplicationGetTimerTaskMemory
    timers.o(.text) refers to timers.o(.data) for pxOverflowTimerList
    timers.o(.text) refers to timers.o(.bss) for xActiveTimerList1
    entry.o(.ARM.Collect$$$$00000000) refers (Special) to entry10a.o(.ARM.Collect$$$$0000000F) for __rt_final_cpp
    entry.o(.ARM.Collect$$$$00000000) refers (Special) to entry11a.o(.ARM.Collect$$$$00000011) for __rt_final_exit
    entry.o(.ARM.Collect$$$$00000000) refers (Special) to entry12b.o(.ARM.Collect$$$$0000000E) for __rt_lib_shutdown_fini
    entry.o(.ARM.Collect$$$$00000000) refers (Special) to entry7b.o(.ARM.Collect$$$$00000008) for _main_clock
    entry.o(.ARM.Collect$$$$00000000) refers (Special) to entry8b.o(.ARM.Collect$$$$0000000A) for _main_cpp_init
    entry.o(.ARM.Collect$$$$00000000) refers (Special) to entry9a.o(.ARM.Collect$$$$0000000B) for _main_init
    entry.o(.ARM.Collect$$$$00000000) refers (Special) to entry5.o(.ARM.Collect$$$$00000004) for _main_scatterload
    entry.o(.ARM.Collect$$$$00000000) refers (Special) to entry2.o(.ARM.Collect$$$$00000001) for _main_stk
    entry2.o(.ARM.Collect$$$$00000001) refers to entry2.o(.ARM.Collect$$$$00002712) for __lit__00000000
    entry2.o(.ARM.Collect$$$$00002712) refers to startup_armcm3.o(STACK) for __initial_sp
    entry2.o(__vectab_stack_and_reset_area) refers to startup_armcm3.o(STACK) for __initial_sp
    entry2.o(__vectab_stack_and_reset_area) refers to entry.o(.ARM.Collect$$$$00000000) for __main
    entry5.o(.ARM.Collect$$$$00000004) refers to init.o(.text) for __scatterload
    entry9a.o(.ARM.Collect$$$$0000000B) refers to mersenne.o(.text) for main
    entry9b.o(.ARM.Collect$$$$0000000C) refers to mersenne.o(.text) for main
    init.o(.text) refers to entry5.o(.ARM.Collect$$$$00000004) for __main_after_scatterload


==============================================================================

Removing Unused input sections from the image.

    Removing mersenne.o(.rev16_text), (4 bytes).
    Removing mersenne.o(.revsh_text), (4 bytes).
    Removing mersenne.o(.rrx_text), (6 bytes).
    Removing clib_arm.o(.rev16_text), (4 bytes).
    Removing clib_arm.o(.revsh_text), (4 bytes).
    Removing clib_arm.o(.rrx_text), (6 bytes).
    Removing cmsis_os2.o(.rev16_text), (4 bytes).
    Removing cmsis_os2.o(.revsh_text), (4 bytes).
    Removing cmsis_os2.o(.rrx_text), (6 bytes).
    Removing os_systick.o(.rev16_text), (4 bytes).
    Removing os_systick.o(.revsh_text), (4 bytes).
    Removing os_systick.o(.rrx_text), (6 bytes).
    Removing eventrecorder.o(.rev16_text), (4 bytes).
    Removing eventrecorder.o(.revsh_text), (4 bytes).
    Removing eventrecorder.o(.rrx_text), (6 bytes).
    Removing startup_armcm3.o(HEAP), (3072 bytes).
    Removing system_armcm3.o(.rev16_text), (4 bytes).
    Removing system_armcm3.o(.revsh_text), (4 bytes).
    Removing system_armcm3.o(.rrx_text), (6 bytes).
    Removing freertos_evr.o(.rev16_text), (4 bytes).
    Removing freertos_evr.o(.revsh_text), (4 bytes).
    Removing freertos_evr.o(.rrx_text), (6 bytes).
    Removing event_groups.o(.rev16_text), (4 bytes).
    Removing event_groups.o(.revsh_text), (4 bytes).
    Removing event_groups.o(.rrx_text), (6 bytes).
    Removing list.o(.rev16_text), (4 bytes).
    Removing list.o(.revsh_text), (4 bytes).
    Removing list.o(.rrx_text), (6 bytes).
    Removing heap_4.o(.rev16_text), (4 bytes).
    Removing heap_4.o(.revsh_text), (4 bytes).
    Removing heap_4.o(.rrx_text), (6 bytes).
    Removing port.o(.rev16_text), (4 bytes).
    Removing port.o(.revsh_text), (4 bytes).
    Removing port.o(.rrx_text), (6 bytes).
    Removing queue.o(.rev16_text), (4 bytes).
    Removing queue.o(.revsh_text), (4 bytes).
    Removing queue.o(.rrx_text), (6 bytes).
    Removing tasks.o(.rev16_text), (4 bytes).
    Removing tasks.o(.revsh_text), (4 bytes).
    Removing tasks.o(.rrx_text), (6 bytes).
    Removing timers.o(.rev16_text), (4 bytes).
    Removing timers.o(.revsh_text), (4 bytes).
    Removing timers.o(.rrx_text), (6 bytes).

43 unused section(s) (total 3268 bytes) removed from the image.

==============================================================================

Image Symbol Table

    Local Symbols

    Symbol Name                              Value     Ov Type        Size  Object(Section)

    RESET                                    0x00000000   Section      192  startup_armcm3.o(RESET)
    ../clib/microlib/init/entry.s            0x00000000   Number         0  entry9a.o ABSOLUTE
    ../clib/microlib/init/entry.s            0x00000000   Number         0  entry10b.o ABSOLUTE
    ../clib/microlib/init/entry.s            0x00000000   Number         0  entry8a.o ABSOLUTE
    ../clib/microlib/init/entry.s            0x00000000   Number         0  entry2.o ABSOLUTE
    ../clib/microlib/init/entry.s            0x00000000   Number         0  entry7b.o ABSOLUTE
    ../clib/microlib/init/entry.s            0x00000000   Number         0  entry7a.o ABSOLUTE
    ../clib/microlib/init/entry.s            0x00000000   Number         0  entry12b.o ABSOLUTE
    ../clib/microlib/init/entry.s            0x00000000   Number         0  entry12a.o ABSOLUTE
    ../clib/microlib/init/entry.s            0x00000000   Number         0  entry11b.o ABSOLUTE
    ../clib/microlib/init/entry.s            0x00000000   Number         0  entry11a.o ABSOLUTE
    ../clib/microlib/init/entry.s            0x00000000   Number         0  entry.o ABSOLUTE
    ../clib/microlib/init/entry.s            0x00000000   Number         0  entry10a.o ABSOLUTE
    ../clib/microlib/init/entry.s            0x00000000   Number         0  entry9b.o ABSOLUTE
    ../clib/microlib/init/entry.s            0x00000000   Number         0  entry5.o ABSOLUTE
    ../clib/microlib/init/entry.s            0x00000000   Number         0  entry8b.o ABSOLUTE
    ../clib/microlib/string/memcpy.c         0x00000000   Number         0  memcpyb.o ABSOLUTE
    ../clib/microlib/string/memcpy.c         0x00000000   Number         0  memcpya.o ABSOLUTE
    ../clib/microlib/string/memset.c         0x00000000   Number         0  memseta.o ABSOLUTE
    C:\Users\waldr\AppData\Local\Arm\Packs\ARM\CMSIS-FreeRTOS\10.3.1\CMSIS\RTOS2\FreeRTOS\Source\ARM\clib_arm.c 0x00000000   Number         0  clib_arm.o ABSOLUTE
    C:\Users\waldr\AppData\Local\Arm\Packs\ARM\CMSIS-FreeRTOS\10.3.1\CMSIS\RTOS2\FreeRTOS\Source\cmsis_os2.c 0x00000000   Number         0  cmsis_os2.o ABSOLUTE
    C:\Users\waldr\AppData\Local\Arm\Packs\ARM\CMSIS-FreeRTOS\10.3.1\CMSIS\RTOS2\FreeRTOS\Source\freertos_evr.c 0x00000000   Number         0  freertos_evr.o ABSOLUTE
    C:\Users\waldr\AppData\Local\Arm\Packs\ARM\CMSIS-FreeRTOS\10.3.1\CMSIS\RTOS2\FreeRTOS\Source\os_systick.c 0x00000000   Number         0  os_systick.o ABSOLUTE
    C:\Users\waldr\AppData\Local\Arm\Packs\ARM\CMSIS-FreeRTOS\10.3.1\Source\event_groups.c 0x00000000   Number         0  event_groups.o ABSOLUTE
    C:\Users\waldr\AppData\Local\Arm\Packs\ARM\CMSIS-FreeRTOS\10.3.1\Source\list.c 0x00000000   Number         0  list.o ABSOLUTE
    C:\Users\waldr\AppData\Local\Arm\Packs\ARM\CMSIS-FreeRTOS\10.3.1\Source\portable\MemMang\heap_4.c 0x00000000   Number         0  heap_4.o ABSOLUTE
    C:\Users\waldr\AppData\Local\Arm\Packs\ARM\CMSIS-FreeRTOS\10.3.1\Source\portable\RVDS\ARM_CM3\port.c 0x00000000   Number         0  port.o ABSOLUTE
    C:\Users\waldr\AppData\Local\Arm\Packs\ARM\CMSIS-FreeRTOS\10.3.1\Source\queue.c 0x00000000   Number         0  queue.o ABSOLUTE
    C:\Users\waldr\AppData\Local\Arm\Packs\ARM\CMSIS-FreeRTOS\10.3.1\Source\tasks.c 0x00000000   Number         0  tasks.o ABSOLUTE
    C:\Users\waldr\AppData\Local\Arm\Packs\ARM\CMSIS-FreeRTOS\10.3.1\Source\timers.c 0x00000000   Number         0  timers.o ABSOLUTE
    C:\Users\waldr\AppData\Local\Arm\Packs\Keil\ARM_Compiler\1.6.3\Source\EventRecorder.c 0x00000000   Number         0  eventrecorder.o ABSOLUTE
    C:\\Users\\waldr\\AppData\\Local\\Arm\\Packs\\ARM\\CMSIS-FreeRTOS\\10.3.1\\CMSIS\\RTOS2\\FreeRTOS\\Source\\ARM\\clib_arm.c 0x00000000   Number         0  clib_arm.o ABSOLUTE
    C:\\Users\\waldr\\AppData\\Local\\Arm\\Packs\\ARM\\CMSIS-FreeRTOS\\10.3.1\\CMSIS\\RTOS2\\FreeRTOS\\Source\\cmsis_os2.c 0x00000000   Number         0  cmsis_os2.o ABSOLUTE
    C:\\Users\\waldr\\AppData\\Local\\Arm\\Packs\\ARM\\CMSIS-FreeRTOS\\10.3.1\\CMSIS\\RTOS2\\FreeRTOS\\Source\\freertos_evr.c 0x00000000   Number         0  freertos_evr.o ABSOLUTE
    C:\\Users\\waldr\\AppData\\Local\\Arm\\Packs\\ARM\\CMSIS-FreeRTOS\\10.3.1\\CMSIS\\RTOS2\\FreeRTOS\\Source\\os_systick.c 0x00000000   Number         0  os_systick.o ABSOLUTE
    C:\\Users\\waldr\\AppData\\Local\\Arm\\Packs\\ARM\\CMSIS-FreeRTOS\\10.3.1\\Source\\event_groups.c 0x00000000   Number         0  event_groups.o ABSOLUTE
    C:\\Users\\waldr\\AppData\\Local\\Arm\\Packs\\ARM\\CMSIS-FreeRTOS\\10.3.1\\Source\\list.c 0x00000000   Number         0  list.o ABSOLUTE
    C:\\Users\\waldr\\AppData\\Local\\Arm\\Packs\\ARM\\CMSIS-FreeRTOS\\10.3.1\\Source\\portable\\MemMang\\heap_4.c 0x00000000   Number         0  heap_4.o ABSOLUTE
    C:\\Users\\waldr\\AppData\\Local\\Arm\\Packs\\ARM\\CMSIS-FreeRTOS\\10.3.1\\Source\\portable\\RVDS\\ARM_CM3\\port.c 0x00000000   Number         0  port.o ABSOLUTE
    C:\\Users\\waldr\\AppData\\Local\\Arm\\Packs\\ARM\\CMSIS-FreeRTOS\\10.3.1\\Source\\queue.c 0x00000000   Number         0  queue.o ABSOLUTE
    C:\\Users\\waldr\\AppData\\Local\\Arm\\Packs\\ARM\\CMSIS-FreeRTOS\\10.3.1\\Source\\tasks.c 0x00000000   Number         0  tasks.o ABSOLUTE
    C:\\Users\\waldr\\AppData\\Local\\Arm\\Packs\\ARM\\CMSIS-FreeRTOS\\10.3.1\\Source\\timers.c 0x00000000   Number         0  timers.o ABSOLUTE
    C:\\Users\\waldr\\AppData\\Local\\Arm\\Packs\\Keil\\ARM_Compiler\\1.6.3\\Source\\EventRecorder.c 0x00000000   Number         0  eventrecorder.o ABSOLUTE
    RTE\Device\ARMCM3\startup_ARMCM3.s       0x00000000   Number         0  startup_armcm3.o ABSOLUTE
    RTE\Device\ARMCM3\system_ARMCM3.c        0x00000000   Number         0  system_armcm3.o ABSOLUTE
    RTE\\Device\\ARMCM3\\system_ARMCM3.c     0x00000000   Number         0  system_armcm3.o ABSOLUTE
    dc.s                                     0x00000000   Number         0  dc.o ABSOLUTE
    handlers.s                               0x00000000   Number         0  handlers.o ABSOLUTE
    init.s                                   0x00000000   Number         0  init.o ABSOLUTE
    mersenne.c                               0x00000000   Number         0  mersenne.o ABSOLUTE
    mersenne.c                               0x00000000   Number         0  mersenne.o ABSOLUTE
    .ARM.Collect$$$$00000000                 0x000000c0   Section        0  entry.o(.ARM.Collect$$$$00000000)
    .ARM.Collect$$$$00000001                 0x000000c0   Section        4  entry2.o(.ARM.Collect$$$$00000001)
    .ARM.Collect$$$$00000004                 0x000000c4   Section        4  entry5.o(.ARM.Collect$$$$00000004)
    .ARM.Collect$$$$00000008                 0x000000c8   Section        0  entry7b.o(.ARM.Collect$$$$00000008)
    .ARM.Collect$$$$0000000A                 0x000000c8   Section        0  entry8b.o(.ARM.Collect$$$$0000000A)
    .ARM.Collect$$$$0000000B                 0x000000c8   Section        8  entry9a.o(.ARM.Collect$$$$0000000B)
    .ARM.Collect$$$$0000000E                 0x000000d0   Section        4  entry12b.o(.ARM.Collect$$$$0000000E)
    .ARM.Collect$$$$0000000F                 0x000000d4   Section        0  entry10a.o(.ARM.Collect$$$$0000000F)
    .ARM.Collect$$$$00000011                 0x000000d4   Section        0  entry11a.o(.ARM.Collect$$$$00000011)
    .ARM.Collect$$$$00002712                 0x000000d4   Section        4  entry2.o(.ARM.Collect$$$$00002712)
    __lit__00000000                          0x000000d4   Data           4  entry2.o(.ARM.Collect$$$$00002712)
    .emb_text                                0x000000d8   Section      116  eventrecorder.o(.emb_text)
    .emb_text                                0x0000014c   Section      150  port.o(.emb_text)
    .text                                    0x000001e4   Section        0  mersenne.o(.text)
    .text                                    0x000003bc   Section        0  cmsis_os2.o(.text)
    TimerCallback                            0x00000cd7   Thumb Code    22  cmsis_os2.o(.text)
    CreateBlock                              0x000019cf   Thumb Code    32  cmsis_os2.o(.text)
    AllocBlock                               0x000019ef   Thumb Code    16  cmsis_os2.o(.text)
    FreeBlock                                0x00001abd   Thumb Code    10  cmsis_os2.o(.text)
    __get_IPSR                               0x00001d2d   Thumb Code     6  cmsis_os2.o(.text)
    __get_PRIMASK                            0x00001d33   Thumb Code     6  cmsis_os2.o(.text)
    __get_BASEPRI                            0x00001d39   Thumb Code     6  cmsis_os2.o(.text)
    .text                                    0x00001d54   Section        0  os_systick.o(.text)
    .text                                    0x00001e50   Section        0  eventrecorder.o(.text)
    EventRecordItem                          0x00001e51   Thumb Code   206  eventrecorder.o(.text)
    EventGetTS                               0x00001f25   Thumb Code    58  eventrecorder.o(.text)
    EventCheckFilter                         0x00001f5f   Thumb Code    34  eventrecorder.o(.text)
    crc16_ccitt                              0x00001f81   Thumb Code    66  eventrecorder.o(.text)
    GetContext                               0x0000243b   Thumb Code    10  eventrecorder.o(.text)
    .text                                    0x00002448   Section       36  startup_armcm3.o(.text)
    .text                                    0x0000246c   Section        0  system_armcm3.o(.text)
    .text                                    0x00002494   Section        0  freertos_evr.o(.text)
    .text                                    0x00002b7c   Section        0  event_groups.o(.text)
    prvTestWaitCondition                     0x00002d1f   Thumb Code    30  event_groups.o(.text)
    .text                                    0x00002f1c   Section        0  list.o(.text)
    .text                                    0x00002fb0   Section        0  heap_4.o(.text)
    prvInsertBlockIntoFreeList               0x00002fb1   Thumb Code    96  heap_4.o(.text)
    prvHeapInit                              0x00003011   Thumb Code    98  heap_4.o(.text)
    .text                                    0x00003228   Section        0  port.o(.text)
    prvTaskExitError                         0x00003229   Thumb Code    22  port.o(.text)
    .text                                    0x00003328   Section        0  queue.o(.text)
    prvInitialiseNewQueue                    0x000033a3   Thumb Code    48  queue.o(.text)
    prvUnlockQueue                           0x00003449   Thumb Code   126  queue.o(.text)
    prvIsQueueFull                           0x000034c7   Thumb Code    30  queue.o(.text)
    prvCopyDataToQueue                       0x000034e5   Thumb Code   126  queue.o(.text)
    prvInitialiseMutex                       0x0000368f   Thumb Code    42  queue.o(.text)
    prvGetDisinheritPriorityAfterTimeout     0x00003771   Thumb Code    20  queue.o(.text)
    prvIsQueueEmpty                          0x00003785   Thumb Code    26  queue.o(.text)
    prvCopyDataFromQueue                     0x00003a95   Thumb Code    42  queue.o(.text)
    .text                                    0x00003eac   Section        0  tasks.o(.text)
    prvInitialiseTaskLists                   0x00003ead   Thumb Code    70  tasks.o(.text)
    prvAddNewTaskToReadyList                 0x00003ef3   Thumb Code   172  tasks.o(.text)
    prvInitialiseNewTask                     0x00003f9f   Thumb Code   154  tasks.o(.text)
    prvResetNextTaskUnblockTime              0x000040eb   Thumb Code    42  tasks.o(.text)
    prvDeleteTCB                             0x00004115   Thumb Code    40  tasks.o(.text)
    prvAddCurrentTaskToDelayedList           0x000043e9   Thumb Code   100  tasks.o(.text)
    prvTaskIsTaskSuspended                   0x00004813   Thumb Code    56  tasks.o(.text)
    prvCheckTasksWaitingTermination          0x00004955   Thumb Code    60  tasks.o(.text)
    prvIdleTask                              0x00004991   Thumb Code    32  tasks.o(.text)
    prvTaskCheckFreeStackSpace               0x00004a7d   Thumb Code    22  tasks.o(.text)
    prvListTasksWithinSingleList             0x00004b55   Thumb Code   106  tasks.o(.text)
    .text                                    0x000054c4   Section        0  timers.o(.text)
    prvInsertTimerInActiveList               0x000054c5   Thumb Code    80  timers.o(.text)
    prvSwitchTimerLists                      0x00005589   Thumb Code   132  timers.o(.text)
    prvSampleTimeNow                         0x0000560d   Thumb Code    40  timers.o(.text)
    prvProcessReceivedCommands               0x00005635   Thumb Code   282  timers.o(.text)
    prvProcessExpiredTimer                   0x0000574f   Thumb Code    92  timers.o(.text)
    prvProcessTimerOrBlockTask               0x000057ab   Thumb Code   102  timers.o(.text)
    prvGetNextExpireTime                     0x00005811   Thumb Code    36  timers.o(.text)
    prvTimerTask                             0x00005835   Thumb Code    26  timers.o(.text)
    prvCheckForValidListAndQueue             0x0000584f   Thumb Code    62  timers.o(.text)
    prvInitialiseNewTimer                    0x0000590d   Thumb Code    64  timers.o(.text)
    .text                                    0x00005af8   Section        0  memcpya.o(.text)
    .text                                    0x00005b1c   Section        0  memseta.o(.text)
    .text                                    0x00005b40   Section       36  init.o(.text)
    i.__scatterload_copy                     0x00005b64   Section       14  handlers.o(i.__scatterload_copy)
    i.__scatterload_null                     0x00005b72   Section        2  handlers.o(i.__scatterload_null)
    i.__scatterload_zeroinit                 0x00005b74   Section       14  handlers.o(i.__scatterload_zeroinit)
    .constdata                               0x00005b84   Section       32  mersenne.o(.constdata)
    .constdata                               0x00005ba4   Section       24  eventrecorder.o(.constdata)
    __tagsym$$used                           0x00005ba4   Number         0  eventrecorder.o(.constdata)
    .data                                    0x20000000   Section       21  mersenne.o(.data)
    .data                                    0x20000018   Section        4  cmsis_os2.o(.data)
    KernelState                              0x20000018   Data           4  cmsis_os2.o(.data)
    .data                                    0x2000001c   Section        1  os_systick.o(.data)
    PendST                                   0x2000001c   Data           1  os_systick.o(.data)
    .data                                    0x20000020   Section        4  system_armcm3.o(.data)
    .data                                    0x20000024   Section        1  freertos_evr.o(.data)
    init                                     0x20000024   Data           1  freertos_evr.o(.data)
    .data                                    0x20000028   Section       32  heap_4.o(.data)
    xStart                                   0x20000028   Data           8  heap_4.o(.data)
    pxEnd                                    0x20000030   Data           4  heap_4.o(.data)
    xFreeBytesRemaining                      0x20000034   Data           4  heap_4.o(.data)
    xMinimumEverFreeBytesRemaining           0x20000038   Data           4  heap_4.o(.data)
    xNumberOfSuccessfulAllocations           0x2000003c   Data           4  heap_4.o(.data)
    xNumberOfSuccessfulFrees                 0x20000040   Data           4  heap_4.o(.data)
    xBlockAllocatedBit                       0x20000044   Data           4  heap_4.o(.data)
    .data                                    0x20000048   Section        4  port.o(.data)
    uxCriticalNesting                        0x20000048   Data           4  port.o(.data)
    .data                                    0x2000004c   Section       60  tasks.o(.data)
    pxDelayedTaskList                        0x20000050   Data           4  tasks.o(.data)
    pxOverflowDelayedTaskList                0x20000054   Data           4  tasks.o(.data)
    uxDeletedTasksWaitingCleanUp             0x20000058   Data           4  tasks.o(.data)
    uxCurrentNumberOfTasks                   0x2000005c   Data           4  tasks.o(.data)
    xTickCount                               0x20000060   Data           4  tasks.o(.data)
    uxTopReadyPriority                       0x20000064   Data           4  tasks.o(.data)
    xSchedulerRunning                        0x20000068   Data           4  tasks.o(.data)
    xPendedTicks                             0x2000006c   Data           4  tasks.o(.data)
    xYieldPending                            0x20000070   Data           4  tasks.o(.data)
    xNumOfOverflows                          0x20000074   Data           4  tasks.o(.data)
    uxTaskNumber                             0x20000078   Data           4  tasks.o(.data)
    xNextTaskUnblockTime                     0x2000007c   Data           4  tasks.o(.data)
    xIdleTaskHandle                          0x20000080   Data           4  tasks.o(.data)
    uxSchedulerSuspended                     0x20000084   Data           4  tasks.o(.data)
    .data                                    0x20000088   Section       20  timers.o(.data)
    pxCurrentTimerList                       0x20000088   Data           4  timers.o(.data)
    pxOverflowTimerList                      0x2000008c   Data           4  timers.o(.data)
    xTimerQueue                              0x20000090   Data           4  timers.o(.data)
    xTimerTaskHandle                         0x20000094   Data           4  timers.o(.data)
    xLastTime                                0x20000098   Data           4  timers.o(.data)
    .bss                                     0x2000009c   Section     1016  cmsis_os2.o(.bss)
    Idle_TCB                                 0x2000009c   Data          92  cmsis_os2.o(.bss)
    Idle_Stack                               0x200000f8   Data         512  cmsis_os2.o(.bss)
    Timer_TCB                                0x200002f8   Data          92  cmsis_os2.o(.bss)
    Timer_Stack                              0x20000354   Data         320  cmsis_os2.o(.bss)
    .bss                                     0x20000494   Section     8192  heap_4.o(.bss)
    ucHeap                                   0x20000494   Data        8192  heap_4.o(.bss)
    .bss                                     0x20002494   Section     1220  tasks.o(.bss)
    pxReadyTasksLists                        0x20002494   Data        1120  tasks.o(.bss)
    xDelayedTaskList1                        0x200028f4   Data          20  tasks.o(.bss)
    xDelayedTaskList2                        0x20002908   Data          20  tasks.o(.bss)
    xPendingReadyList                        0x2000291c   Data          20  tasks.o(.bss)
    xTasksWaitingTermination                 0x20002930   Data          20  tasks.o(.bss)
    xSuspendedTaskList                       0x20002944   Data          20  tasks.o(.bss)
    .bss                                     0x20002958   Section      200  timers.o(.bss)
    xActiveTimerList1                        0x20002958   Data          20  timers.o(.bss)
    xActiveTimerList2                        0x2000296c   Data          20  timers.o(.bss)
    xStaticTimerQueue                        0x20002980   Data          80  timers.o(.bss)
    ucStaticTimerQueueStorage                0x200029d0   Data          80  timers.o(.bss)
    STACK                                    0x20002a20   Section     1024  startup_armcm3.o(STACK)
    .bss.noinit                              0x20020000   Section     1188  eventrecorder.o(.bss.noinit)
    EventBuffer                              0x20020000   Data        1024  eventrecorder.o(.bss.noinit)
    EventFilter                              0x20020400   Data         128  eventrecorder.o(.bss.noinit)
    EventStatus                              0x20020480   Data          36  eventrecorder.o(.bss.noinit)

    Global Symbols

    Symbol Name                              Value     Ov Type        Size  Object(Section)

    BuildAttributes$$THM_ISAv4$P$D$K$B$S$PE$A:L22UL41UL21$X:L11$S22US41US21$IEEE1$IW$USESV6$~STKCKD$USESV7$~SHL$OSPACE$EBA8$MICROLIB$REQ8$PRES8$EABIv2 0x00000000   Number         0  anon$$obj.o ABSOLUTE
    __ARM_use_no_argv                        0x00000000   Number         0  mersenne.o ABSOLUTE
    __Vectors                                0x00000000   Data           4  startup_armcm3.o(RESET)
    __arm_fini_                               - Undefined Weak Reference
    __cpp_initialize__aeabi_                  - Undefined Weak Reference
    __cxa_finalize                            - Undefined Weak Reference
    __decompress                              - Undefined Weak Reference
    _clock_init                               - Undefined Weak Reference
    _microlib_exit                            - Undefined Weak Reference
    __Vectors_End                            0x000000c0   Data           0  startup_armcm3.o(RESET)
    __Vectors_Size                           0x000000c0   Number         0  startup_armcm3.o ABSOLUTE
    __main                                   0x000000c1   Thumb Code     0  entry.o(.ARM.Collect$$$$00000000)
    _main_stk                                0x000000c1   Thumb Code     0  entry2.o(.ARM.Collect$$$$00000001)
    _main_scatterload                        0x000000c5   Thumb Code     0  entry5.o(.ARM.Collect$$$$00000004)
    __main_after_scatterload                 0x000000c9   Thumb Code     0  entry5.o(.ARM.Collect$$$$00000004)
    _main_clock                              0x000000c9   Thumb Code     0  entry7b.o(.ARM.Collect$$$$00000008)
    _main_cpp_init                           0x000000c9   Thumb Code     0  entry8b.o(.ARM.Collect$$$$0000000A)
    _main_init                               0x000000c9   Thumb Code     0  entry9a.o(.ARM.Collect$$$$0000000B)
    __rt_lib_shutdown_fini                   0x000000d1   Thumb Code     0  entry12b.o(.ARM.Collect$$$$0000000E)
    __rt_final_cpp                           0x000000d5   Thumb Code     0  entry10a.o(.ARM.Collect$$$$0000000F)
    __rt_final_exit                          0x000000d5   Thumb Code     0  entry11a.o(.ARM.Collect$$$$00000011)
    __asm___15_EventRecorder_c_e8d3082c__atomic_inc8 0x000000d9   Thumb Code    18  eventrecorder.o(.emb_text)
    __asm___15_EventRecorder_c_e8d3082c__atomic_inc32 0x000000eb   Thumb Code    18  eventrecorder.o(.emb_text)
    __asm___15_EventRecorder_c_e8d3082c__atomic_xch32 0x000000fd   Thumb Code    16  eventrecorder.o(.emb_text)
    __asm___15_EventRecorder_c_e8d3082c__LockRecord 0x0000010d   Thumb Code    34  eventrecorder.o(.emb_text)
    __asm___15_EventRecorder_c_e8d3082c__UnlockRecord 0x0000012f   Thumb Code    30  eventrecorder.o(.emb_text)
    SVC_Handler                              0x0000014d   Thumb Code    32  port.o(.emb_text)
    __asm___6_port_c_39a90d8d__prvStartFirstTask 0x00000171   Thumb Code    28  port.o(.emb_text)
    PendSV_Handler                           0x00000191   Thumb Code    72  port.o(.emb_text)
    vPortGetIPSR                             0x000001dd   Thumb Code     6  port.o(.emb_text)
    process                                  0x000001e5   Thumb Code   158  mersenne.o(.text)
    transmit                                 0x00000283   Thumb Code    96  mersenne.o(.text)
    receive                                  0x000002e3   Thumb Code    66  mersenne.o(.text)
    main                                     0x00000325   Thumb Code   122  mersenne.o(.text)
    SysTick_Handler                          0x000003bd   Thumb Code    22  cmsis_os2.o(.text)
    osKernelInitialize                       0x000003d3   Thumb Code    64  cmsis_os2.o(.text)
    osKernelGetInfo                          0x00000413   Thumb Code    40  cmsis_os2.o(.text)
    osKernelGetState                         0x0000043b   Thumb Code    48  cmsis_os2.o(.text)
    osKernelStart                            0x0000046b   Thumb Code   102  cmsis_os2.o(.text)
    osKernelLock                             0x000004d1   Thumb Code    76  cmsis_os2.o(.text)
    osKernelUnlock                           0x0000051d   Thumb Code    88  cmsis_os2.o(.text)
    osKernelRestoreLock                      0x00000575   Thumb Code   108  cmsis_os2.o(.text)
    osKernelGetTickCount                     0x000005e1   Thumb Code    46  cmsis_os2.o(.text)
    osKernelGetTickFreq                      0x0000060f   Thumb Code     6  cmsis_os2.o(.text)
    osKernelGetSysTimerCount                 0x00000615   Thumb Code    66  cmsis_os2.o(.text)
    osKernelGetSysTimerFreq                  0x00000657   Thumb Code     6  cmsis_os2.o(.text)
    osThreadNew                              0x0000065d   Thumb Code   208  cmsis_os2.o(.text)
    osThreadGetName                          0x0000072d   Thumb Code    50  cmsis_os2.o(.text)
    osThreadGetId                            0x0000075f   Thumb Code    12  cmsis_os2.o(.text)
    osThreadGetState                         0x0000076b   Thumb Code   134  cmsis_os2.o(.text)
    osThreadGetStackSpace                    0x000007f1   Thumb Code    50  cmsis_os2.o(.text)
    osThreadSetPriority                      0x00000823   Thumb Code    74  cmsis_os2.o(.text)
    osThreadGetPriority                      0x0000086d   Thumb Code    52  cmsis_os2.o(.text)
    osThreadYield                            0x000008a1   Thumb Code    56  cmsis_os2.o(.text)
    osThreadSuspend                          0x000008d9   Thumb Code    58  cmsis_os2.o(.text)
    osThreadResume                           0x00000913   Thumb Code    58  cmsis_os2.o(.text)
    osThreadExit                             0x0000094d   Thumb Code    10  cmsis_os2.o(.text)
    osThreadTerminate                        0x00000957   Thumb Code    80  cmsis_os2.o(.text)
    osThreadGetCount                         0x000009a7   Thumb Code    42  cmsis_os2.o(.text)
    osThreadEnumerate                        0x000009d1   Thumb Code   126  cmsis_os2.o(.text)
    osThreadFlagsSet                         0x00000a4f   Thumb Code   142  cmsis_os2.o(.text)
    osThreadFlagsClear                       0x00000add   Thumb Code   108  cmsis_os2.o(.text)
    osThreadFlagsGet                         0x00000b49   Thumb Code    68  cmsis_os2.o(.text)
    osThreadFlagsWait                        0x00000b8d   Thumb Code   208  cmsis_os2.o(.text)
    osDelay                                  0x00000c5d   Thumb Code    50  cmsis_os2.o(.text)
    osDelayUntil                             0x00000c8f   Thumb Code    72  cmsis_os2.o(.text)
    osTimerNew                               0x00000ced   Thumb Code   202  cmsis_os2.o(.text)
    osTimerGetName                           0x00000db7   Thumb Code    50  cmsis_os2.o(.text)
    osTimerStart                             0x00000de9   Thumb Code    80  cmsis_os2.o(.text)
    osTimerStop                              0x00000e39   Thumb Code    92  cmsis_os2.o(.text)
    osTimerIsRunning                         0x00000e95   Thumb Code    50  cmsis_os2.o(.text)
    osTimerDelete                            0x00000ec7   Thumb Code    92  cmsis_os2.o(.text)
    osEventFlagsNew                          0x00000f23   Thumb Code    92  cmsis_os2.o(.text)
    osEventFlagsSet                          0x00000f7f   Thumb Code   108  cmsis_os2.o(.text)
    osEventFlagsClear                        0x00000feb   Thumb Code    90  cmsis_os2.o(.text)
    osEventFlagsGet                          0x00001045   Thumb Code    74  cmsis_os2.o(.text)
    osEventFlagsWait                         0x0000108f   Thumb Code   164  cmsis_os2.o(.text)
    osEventFlagsDelete                       0x00001133   Thumb Code    58  cmsis_os2.o(.text)
    osMutexNew                               0x0000116d   Thumb Code   176  cmsis_os2.o(.text)
    osMutexAcquire                           0x0000121d   Thumb Code   120  cmsis_os2.o(.text)
    osMutexRelease                           0x00001295   Thumb Code   100  cmsis_os2.o(.text)
    osMutexGetOwner                          0x000012f9   Thumb Code    52  cmsis_os2.o(.text)
    osMutexDelete                            0x0000132d   Thumb Code    60  cmsis_os2.o(.text)
    osSemaphoreNew                           0x00001369   Thumb Code   198  cmsis_os2.o(.text)
    osSemaphoreAcquire                       0x0000142f   Thumb Code   128  cmsis_os2.o(.text)
    osSemaphoreRelease                       0x000014af   Thumb Code   108  cmsis_os2.o(.text)
    osSemaphoreGetCount                      0x0000151b   Thumb Code    60  cmsis_os2.o(.text)
    osSemaphoreDelete                        0x00001557   Thumb Code    58  cmsis_os2.o(.text)
    osMessageQueueNew                        0x00001591   Thumb Code   146  cmsis_os2.o(.text)
    osMessageQueuePut                        0x00001623   Thumb Code   148  cmsis_os2.o(.text)
    osMessageQueueGet                        0x000016b7   Thumb Code   144  cmsis_os2.o(.text)
    osMessageQueueGetCapacity                0x00001747   Thumb Code    14  cmsis_os2.o(.text)
    osMessageQueueGetMsgSize                 0x00001755   Thumb Code    14  cmsis_os2.o(.text)
    osMessageQueueGetCount                   0x00001763   Thumb Code    60  cmsis_os2.o(.text)
    osMessageQueueGetSpace                   0x0000179f   Thumb Code    94  cmsis_os2.o(.text)
    osMessageQueueReset                      0x000017fd   Thumb Code    60  cmsis_os2.o(.text)
    osMessageQueueDelete                     0x00001839   Thumb Code    68  cmsis_os2.o(.text)
    osMemoryPoolNew                          0x0000187d   Thumb Code   290  cmsis_os2.o(.text)
    osMemoryPoolGetName                      0x0000199f   Thumb Code    48  cmsis_os2.o(.text)
    osMemoryPoolAlloc                        0x000019ff   Thumb Code   190  cmsis_os2.o(.text)
    osMemoryPoolFree                         0x00001ac7   Thumb Code   238  cmsis_os2.o(.text)
    osMemoryPoolGetCapacity                  0x00001bb5   Thumb Code    30  cmsis_os2.o(.text)
    osMemoryPoolGetBlockSize                 0x00001bd3   Thumb Code    30  cmsis_os2.o(.text)
    osMemoryPoolGetCount                     0x00001bf1   Thumb Code    78  cmsis_os2.o(.text)
    osMemoryPoolGetSpace                     0x00001c3f   Thumb Code    86  cmsis_os2.o(.text)
    osMemoryPoolDelete                       0x00001c95   Thumb Code   122  cmsis_os2.o(.text)
    vApplicationStackOverflowHook            0x00001d0f   Thumb Code     2  cmsis_os2.o(.text)
    vApplicationGetIdleTaskMemory            0x00001d11   Thumb Code    14  cmsis_os2.o(.text)
    vApplicationGetTimerTaskMemory           0x00001d1f   Thumb Code    14  cmsis_os2.o(.text)
    OS_Tick_Setup                            0x00001d55   Thumb Code    96  os_systick.o(.text)
    OS_Tick_Enable                           0x00001db5   Thumb Code    40  os_systick.o(.text)
    OS_Tick_Disable                          0x00001ddd   Thumb Code    46  os_systick.o(.text)
    OS_Tick_AcknowledgeIRQ                   0x00001e0b   Thumb Code     8  os_systick.o(.text)
    OS_Tick_GetIRQn                          0x00001e13   Thumb Code     6  os_systick.o(.text)
    OS_Tick_GetClock                         0x00001e19   Thumb Code     6  os_systick.o(.text)
    OS_Tick_GetInterval                      0x00001e1f   Thumb Code    10  os_systick.o(.text)
    OS_Tick_GetCount                         0x00001e29   Thumb Code    12  os_systick.o(.text)
    OS_Tick_GetOverflow                      0x00001e35   Thumb Code    12  os_systick.o(.text)
    EventRecorderTimerGetCount               0x00001f1f   Thumb Code     6  eventrecorder.o(.text)
    EventRecorderTimerSetup                  0x00001fc3   Thumb Code    28  eventrecorder.o(.text)
    EventRecorderTimerGetFreq                0x00001fdf   Thumb Code     6  eventrecorder.o(.text)
    EventRecorderStart                       0x00001fe5   Thumb Code    44  eventrecorder.o(.text)
    EventRecorderEnable                      0x00002011   Thumb Code    88  eventrecorder.o(.text)
    EventRecorderInitialize                  0x00002069   Thumb Code   300  eventrecorder.o(.text)
    EventRecorderDisable                     0x00002195   Thumb Code    88  eventrecorder.o(.text)
    EventRecorderStop                        0x000021ed   Thumb Code    46  eventrecorder.o(.text)
    EventRecorderClockUpdate                 0x0000221b   Thumb Code    78  eventrecorder.o(.text)
    EventRecordData                          0x00002269   Thumb Code   278  eventrecorder.o(.text)
    EventRecord2                             0x0000237f   Thumb Code    70  eventrecorder.o(.text)
    EventRecord4                             0x000023c5   Thumb Code   118  eventrecorder.o(.text)
    Reset_Handler                            0x00002449   Thumb Code     8  startup_armcm3.o(.text)
    NMI_Handler                              0x00002451   Thumb Code     2  startup_armcm3.o(.text)
    HardFault_Handler                        0x00002453   Thumb Code     2  startup_armcm3.o(.text)
    MemManage_Handler                        0x00002455   Thumb Code     2  startup_armcm3.o(.text)
    BusFault_Handler                         0x00002457   Thumb Code     2  startup_armcm3.o(.text)
    UsageFault_Handler                       0x00002459   Thumb Code     2  startup_armcm3.o(.text)
    DebugMon_Handler                         0x0000245d   Thumb Code     2  startup_armcm3.o(.text)
    AACI_IRQHandler                          0x00002463   Thumb Code     0  startup_armcm3.o(.text)
    CAN_IRQHandler                           0x00002463   Thumb Code     0  startup_armcm3.o(.text)
    CHLCD_IRQHandler                         0x00002463   Thumb Code     0  startup_armcm3.o(.text)
    CLCD_IRQHandler                          0x00002463   Thumb Code     0  startup_armcm3.o(.text)
    CPU_CLCD_IRQHandler                      0x00002463   Thumb Code     0  startup_armcm3.o(.text)
    ENET_IRQHandler                          0x00002463   Thumb Code     0  startup_armcm3.o(.text)
    FLEXRAY_IRQHandler                       0x00002463   Thumb Code     0  startup_armcm3.o(.text)
    I2C_IRQHandler                           0x00002463   Thumb Code     0  startup_armcm3.o(.text)
    LIN_IRQHandler                           0x00002463   Thumb Code     0  startup_armcm3.o(.text)
    MCIA_IRQHandler                          0x00002463   Thumb Code     0  startup_armcm3.o(.text)
    MCIB_IRQHandler                          0x00002463   Thumb Code     0  startup_armcm3.o(.text)
    RTC_IRQHandler                           0x00002463   Thumb Code     0  startup_armcm3.o(.text)
    SPI_IRQHandler                           0x00002463   Thumb Code     0  startup_armcm3.o(.text)
    TIM0_IRQHandler                          0x00002463   Thumb Code     0  startup_armcm3.o(.text)
    TIM2_IRQHandler                          0x00002463   Thumb Code     0  startup_armcm3.o(.text)
    UART0_IRQHandler                         0x00002463   Thumb Code     0  startup_armcm3.o(.text)
    UART1_IRQHandler                         0x00002463   Thumb Code     0  startup_armcm3.o(.text)
    UART2_IRQHandler                         0x00002463   Thumb Code     0  startup_armcm3.o(.text)
    UART3_IRQHandler                         0x00002463   Thumb Code     0  startup_armcm3.o(.text)
    UART4_IRQHandler                         0x00002463   Thumb Code     0  startup_armcm3.o(.text)
    USBDC_IRQHandler                         0x00002463   Thumb Code     0  startup_armcm3.o(.text)
    USBHC_IRQHandler                         0x00002463   Thumb Code     0  startup_armcm3.o(.text)
    WDT_IRQHandler                           0x00002463   Thumb Code     0  startup_armcm3.o(.text)
    SystemCoreClockUpdate                    0x0000246d   Thumb Code     8  system_armcm3.o(.text)
    SystemInit                               0x00002475   Thumb Code    14  system_armcm3.o(.text)
    EvrFreeRTOSSetup                         0x00002495   Thumb Code   104  freertos_evr.o(.text)
    EvrFreeRTOSTasks_TaskCreate              0x000024fd   Thumb Code    18  freertos_evr.o(.text)
    EvrFreeRTOSTasks_TaskCreateFailed        0x0000250f   Thumb Code    16  freertos_evr.o(.text)
    EvrFreeRTOSTasks_TaskDelete              0x0000251f   Thumb Code    18  freertos_evr.o(.text)
    EvrFreeRTOSTasks_TaskDelayUntil          0x00002531   Thumb Code    18  freertos_evr.o(.text)
    EvrFreeRTOSTasks_TaskDelay               0x00002543   Thumb Code    18  freertos_evr.o(.text)
    EvrFreeRTOSTasks_TaskPrioritySet         0x00002555   Thumb Code    20  freertos_evr.o(.text)
    EvrFreeRTOSTasks_TaskSuspend             0x00002569   Thumb Code    18  freertos_evr.o(.text)
    EvrFreeRTOSTasks_TaskResume              0x0000257b   Thumb Code    18  freertos_evr.o(.text)
    EvrFreeRTOSTasks_TaskResumeFromIsr       0x0000258d   Thumb Code    18  freertos_evr.o(.text)
    EvrFreeRTOSTasks_TaskIncrementTick       0x0000259f   Thumb Code    16  freertos_evr.o(.text)
    EvrFreeRTOSTasks_IncreaseTickCount       0x000025af   Thumb Code    18  freertos_evr.o(.text)
    EvrFreeRTOSTasks_TaskSwitchedOut         0x000025c1   Thumb Code    18  freertos_evr.o(.text)
    EvrFreeRTOSTasks_TaskSwitchedIn          0x000025d3   Thumb Code    20  freertos_evr.o(.text)
    EvrFreeRTOSTasks_TaskPriorityInherit     0x000025e7   Thumb Code    20  freertos_evr.o(.text)
    EvrFreeRTOSTasks_TaskPriorityDisinherit  0x000025fb   Thumb Code    20  freertos_evr.o(.text)
    EvrFreeRTOSTasks_MovedTaskToReadyState   0x0000260f   Thumb Code    18  freertos_evr.o(.text)
    EvrFreeRTOSTasks_PostMovedTaskToReadyState 0x00002621   Thumb Code    18  freertos_evr.o(.text)
    EvrFreeRTOSTasks_LowPowerIdleBegin       0x00002633   Thumb Code    18  freertos_evr.o(.text)
    EvrFreeRTOSTasks_LowPowerIdleEnd         0x00002645   Thumb Code    16  freertos_evr.o(.text)
    EvrFreeRTOSTasks_TaskNotifyTakeBlock     0x00002655   Thumb Code    18  freertos_evr.o(.text)
    EvrFreeRTOSTasks_TaskNotifyTake          0x00002667   Thumb Code    18  freertos_evr.o(.text)
    EvrFreeRTOSTasks_TaskNotifyWaitBlock     0x00002679   Thumb Code    18  freertos_evr.o(.text)
    EvrFreeRTOSTasks_TaskNotifyWait          0x0000268b   Thumb Code    18  freertos_evr.o(.text)
    EvrFreeRTOSTasks_TaskNotify              0x0000269d   Thumb Code    28  freertos_evr.o(.text)
    EvrFreeRTOSTasks_TaskNotifyFromIsr       0x000026b9   Thumb Code    28  freertos_evr.o(.text)
    EvrFreeRTOSTasks_TaskNotifyGiveFromIsr   0x000026d5   Thumb Code    20  freertos_evr.o(.text)
    EvrFreeRTOSQueue_QueueCreate             0x000026e9   Thumb Code    18  freertos_evr.o(.text)
    EvrFreeRTOSQueue_QueueCreateFailed       0x000026fb   Thumb Code    18  freertos_evr.o(.text)
    EvrFreeRTOSQueue_CreateMutex             0x0000270d   Thumb Code    18  freertos_evr.o(.text)
    EvrFreeRTOSQueue_CreateMutexFailed       0x0000271f   Thumb Code    16  freertos_evr.o(.text)
    EvrFreeRTOSQueue_GiveMutexRecursive      0x0000272f   Thumb Code    18  freertos_evr.o(.text)
    EvrFreeRTOSQueue_GiveMutexRecursiveFailed 0x00002741   Thumb Code    18  freertos_evr.o(.text)
    EvrFreeRTOSQueue_TakeMutexRecursive      0x00002753   Thumb Code    18  freertos_evr.o(.text)
    EvrFreeRTOSQueue_TakeMutexRecursiveFailed 0x00002765   Thumb Code    18  freertos_evr.o(.text)
    EvrFreeRTOSQueue_CreateCountingSemaphore 0x00002777   Thumb Code    18  freertos_evr.o(.text)
    EvrFreeRTOSQueue_CreateCountingSemaphoreFailed 0x00002789   Thumb Code    16  freertos_evr.o(.text)
    EvrFreeRTOSQueue_QueueSend               0x00002799   Thumb Code    18  freertos_evr.o(.text)
    EvrFreeRTOSQueue_QueueSendFailed         0x000027ab   Thumb Code    18  freertos_evr.o(.text)
    EvrFreeRTOSQueue_QueueReceive            0x000027bd   Thumb Code    18  freertos_evr.o(.text)
    EvrFreeRTOSQueue_QueuePeek               0x000027cf   Thumb Code    18  freertos_evr.o(.text)
    EvrFreeRTOSQueue_QueuePeekFailed         0x000027e1   Thumb Code    18  freertos_evr.o(.text)
    EvrFreeRTOSQueue_QueuePeekFromIsr        0x000027f3   Thumb Code    18  freertos_evr.o(.text)
    EvrFreeRTOSQueue_QueueReceiveFailed      0x00002805   Thumb Code    18  freertos_evr.o(.text)
    EvrFreeRTOSQueue_QueueSendFromIsr        0x00002817   Thumb Code    18  freertos_evr.o(.text)
    EvrFreeRTOSQueue_QueueSendFromIsrFailed  0x00002829   Thumb Code    18  freertos_evr.o(.text)
    EvrFreeRTOSQueue_QueueReceiveFromIsr     0x0000283b   Thumb Code    18  freertos_evr.o(.text)
    EvrFreeRTOSQueue_QueueReceiveFromIsrFailed 0x0000284d   Thumb Code    18  freertos_evr.o(.text)
    EvrFreeRTOSQueue_QueuePeekFromIsrFailed  0x0000285f   Thumb Code    18  freertos_evr.o(.text)
    EvrFreeRTOSQueue_QueueDelete             0x00002871   Thumb Code    32  freertos_evr.o(.text)
    EvrFreeRTOSQueue_QueueRegistryAdd        0x00002891   Thumb Code    18  freertos_evr.o(.text)
    EvrFreeRTOSQueue_BlockingOnQueueReceive  0x000028a3   Thumb Code    18  freertos_evr.o(.text)
    EvrFreeRTOSQueue_BlockingOnQueueSend     0x000028b5   Thumb Code    18  freertos_evr.o(.text)
    EvrFreeRTOSTimers_TimerCreate            0x000028c7   Thumb Code    18  freertos_evr.o(.text)
    EvrFreeRTOSTimers_TimerCreateFailed      0x000028d9   Thumb Code    16  freertos_evr.o(.text)
    EvrFreeRTOSTimers_TimerCommandSend       0x000028e9   Thumb Code    28  freertos_evr.o(.text)
    EvrFreeRTOSTimers_TimerCommandReceived   0x00002905   Thumb Code    28  freertos_evr.o(.text)
    EvrFreeRTOSTimers_TimerExpired           0x00002921   Thumb Code    18  freertos_evr.o(.text)
    EvrFreeRTOSTimers_PendFuncCall           0x00002933   Thumb Code    28  freertos_evr.o(.text)
    EvrFreeRTOSTimers_PendFuncCallFromIsr    0x0000294f   Thumb Code    28  freertos_evr.o(.text)
    EvrFreeRTOSEventGroups_EventGroupCreate  0x0000296b   Thumb Code    16  freertos_evr.o(.text)
    EvrFreeRTOSEventGroups_EventGroupCreateFailed 0x0000297b   Thumb Code    16  freertos_evr.o(.text)
    EvrFreeRTOSEventGroups_EventGroupSyncBlock 0x0000298b   Thumb Code    28  freertos_evr.o(.text)
    EvrFreeRTOSEventGroups_EventGroupSyncEnd 0x000029a7   Thumb Code    28  freertos_evr.o(.text)
    EvrFreeRTOSEventGroups_EventGroupWaitBitsBlock 0x000029c3   Thumb Code    20  freertos_evr.o(.text)
    EvrFreeRTOSEventGroups_EventGroupWaitBitsEnd 0x000029d7   Thumb Code    28  freertos_evr.o(.text)
    EvrFreeRTOSEventGroups_EventGroupClearBits 0x000029f3   Thumb Code    20  freertos_evr.o(.text)
    EvrFreeRTOSEventGroups_EventGroupClearBitsFromIsr 0x00002a07   Thumb Code    20  freertos_evr.o(.text)
    EvrFreeRTOSEventGroups_EventGroupSetBits 0x00002a1b   Thumb Code    20  freertos_evr.o(.text)
    EvrFreeRTOSEventGroups_EventGroupSetBitsFromIsr 0x00002a2f   Thumb Code    20  freertos_evr.o(.text)
    EvrFreeRTOSEventGroups_EventGroupDelete  0x00002a43   Thumb Code    18  freertos_evr.o(.text)
    EvrFreeRTOSStreamBuf_StreamBufferCreateFailed 0x00002a55   Thumb Code    16  freertos_evr.o(.text)
    EvrFreeRTOSStreamBuf_StreamBufferCreateStaticFailed 0x00002a65   Thumb Code    20  freertos_evr.o(.text)
    EvrFreeRTOSStreamBuf_StreamBufferCreate  0x00002a79   Thumb Code    20  freertos_evr.o(.text)
    EvrFreeRTOSStreamBuf_StreamBufferDelete  0x00002a8d   Thumb Code    18  freertos_evr.o(.text)
    EvrFreeRTOSStreamBuf_StreamBufferReset   0x00002a9f   Thumb Code    18  freertos_evr.o(.text)
    EvrFreeRTOSStreamBuf_StreamBufferBlockingOnSend 0x00002ab1   Thumb Code    18  freertos_evr.o(.text)
    EvrFreeRTOSStreamBuf_StreamBufferSend    0x00002ac3   Thumb Code    20  freertos_evr.o(.text)
    EvrFreeRTOSStreamBuf_StreamBufferSendFailed 0x00002ad7   Thumb Code    18  freertos_evr.o(.text)
    EvrFreeRTOSStreamBuf_StreamBufferSendFromIsr 0x00002ae9   Thumb Code    20  freertos_evr.o(.text)
    EvrFreeRTOSStreamBuf_StreamBufferBlockingOnReceive 0x00002afd   Thumb Code    18  freertos_evr.o(.text)
    EvrFreeRTOSStreamBuf_StreamBufferReceive 0x00002b0f   Thumb Code    20  freertos_evr.o(.text)
    EvrFreeRTOSStreamBuf_StreamBufferReceiveFailed 0x00002b23   Thumb Code    18  freertos_evr.o(.text)
    EvrFreeRTOSStreamBuf_StreamBufferReceiveFromIsr 0x00002b35   Thumb Code    20  freertos_evr.o(.text)
    EvrFreeRTOSHeap_Malloc                   0x00002b49   Thumb Code    20  freertos_evr.o(.text)
    EvrFreeRTOSHeap_Free                     0x00002b5d   Thumb Code    20  freertos_evr.o(.text)
    xEventGroupCreateStatic                  0x00002b7d   Thumb Code    38  event_groups.o(.text)
    xEventGroupCreate                        0x00002ba3   Thumb Code    42  event_groups.o(.text)
    xEventGroupSetBits                       0x00002bcd   Thumb Code   154  event_groups.o(.text)
    xEventGroupSync                          0x00002c67   Thumb Code   184  event_groups.o(.text)
    xEventGroupWaitBits                      0x00002d3d   Thumb Code   216  event_groups.o(.text)
    xEventGroupClearBits                     0x00002e15   Thumb Code    40  event_groups.o(.text)
    vEventGroupClearBitsCallback             0x00002e3d   Thumb Code    16  event_groups.o(.text)
    xEventGroupClearBitsFromISR              0x00002e4d   Thumb Code    34  event_groups.o(.text)
    xEventGroupGetBitsFromISR                0x00002e6f   Thumb Code    44  event_groups.o(.text)
    vEventGroupDelete                        0x00002e9b   Thumb Code    52  event_groups.o(.text)
    vEventGroupSetBitsCallback               0x00002ecf   Thumb Code    16  event_groups.o(.text)
    xEventGroupSetBitsFromISR                0x00002edf   Thumb Code    40  event_groups.o(.text)
    uxEventGroupGetNumber                    0x00002f07   Thumb Code    14  event_groups.o(.text)
    vEventGroupSetNumber                     0x00002f15   Thumb Code     4  event_groups.o(.text)
    vListInitialise                          0x00002f1d   Thumb Code    26  list.o(.text)
    vListInitialiseItem                      0x00002f37   Thumb Code     6  list.o(.text)
    vListInsertEnd                           0x00002f3d   Thumb Code    24  list.o(.text)
    vListInsert                              0x00002f55   Thumb Code    52  list.o(.text)
    uxListRemove                             0x00002f89   Thumb Code    40  list.o(.text)
    pvPortMalloc                             0x00003073   Thumb Code   206  heap_4.o(.text)
    vPortFree                                0x00003141   Thumb Code    82  heap_4.o(.text)
    xPortGetFreeHeapSize                     0x00003193   Thumb Code     6  heap_4.o(.text)
    xPortGetMinimumEverFreeHeapSize          0x00003199   Thumb Code     6  heap_4.o(.text)
    vPortInitialiseBlocks                    0x0000319f   Thumb Code     2  heap_4.o(.text)
    vPortGetHeapStats                        0x000031a1   Thumb Code   104  heap_4.o(.text)
    pxPortInitialiseStack                    0x0000323f   Thumb Code    30  port.o(.text)
    vPortSetupTimerInterrupt                 0x0000325d   Thumb Code    36  port.o(.text)
    xPortStartScheduler                      0x00003281   Thumb Code    42  port.o(.text)
    vPortEndScheduler                        0x000032ab   Thumb Code     2  port.o(.text)
    vPortEnterCritical                       0x000032ad   Thumb Code    30  port.o(.text)
    vPortExitCritical                        0x000032cb   Thumb Code    28  port.o(.text)
    xPortSysTickHandler                      0x000032e7   Thumb Code    48  port.o(.text)
    xQueueGenericReset                       0x00003329   Thumb Code   122  queue.o(.text)
    xQueueGenericCreateStatic                0x000033d3   Thumb Code    52  queue.o(.text)
    xQueueGenericCreate                      0x00003407   Thumb Code    66  queue.o(.text)
    xQueueGenericSend                        0x00003563   Thumb Code   300  queue.o(.text)
    xQueueCreateMutex                        0x000036b9   Thumb Code    34  queue.o(.text)
    xQueueCreateMutexStatic                  0x000036db   Thumb Code    42  queue.o(.text)
    xQueueGetMutexHolder                     0x00003705   Thumb Code    28  queue.o(.text)
    xQueueGetMutexHolderFromISR              0x00003721   Thumb Code    14  queue.o(.text)
    xQueueGiveMutexRecursive                 0x0000372f   Thumb Code    66  queue.o(.text)
    xQueueSemaphoreTake                      0x0000379f   Thumb Code   324  queue.o(.text)
    xQueueTakeMutexRecursive                 0x000038e3   Thumb Code    68  queue.o(.text)
    xQueueCreateCountingSemaphoreStatic      0x00003927   Thumb Code    46  queue.o(.text)
    xQueueCreateCountingSemaphore            0x00003955   Thumb Code    38  queue.o(.text)
    xQueueGenericSendFromISR                 0x0000397b   Thumb Code   150  queue.o(.text)
    xQueueGiveFromISR                        0x00003a11   Thumb Code   132  queue.o(.text)
    xQueueReceive                            0x00003abf   Thumb Code   286  queue.o(.text)
    xQueuePeek                               0x00003bdd   Thumb Code   280  queue.o(.text)
    xQueueReceiveFromISR                     0x00003cf5   Thumb Code   142  queue.o(.text)
    xQueuePeekFromISR                        0x00003d83   Thumb Code    86  queue.o(.text)
    uxQueueMessagesWaiting                   0x00003dd9   Thumb Code    18  queue.o(.text)
    uxQueueSpacesAvailable                   0x00003deb   Thumb Code    24  queue.o(.text)
    uxQueueMessagesWaitingFromISR            0x00003e03   Thumb Code     8  queue.o(.text)
    vQueueDelete                             0x00003e0b   Thumb Code    26  queue.o(.text)
    uxQueueGetQueueNumber                    0x00003e25   Thumb Code     6  queue.o(.text)
    vQueueSetQueueNumber                     0x00003e2b   Thumb Code     4  queue.o(.text)
    ucQueueGetQueueType                      0x00003e2f   Thumb Code     8  queue.o(.text)
    xQueueIsQueueEmptyFromISR                0x00003e37   Thumb Code    16  queue.o(.text)
    xQueueIsQueueFullFromISR                 0x00003e47   Thumb Code    22  queue.o(.text)
    vQueueWaitForMessageRestricted           0x00003e5d   Thumb Code    74  queue.o(.text)
    xTaskCreateStatic                        0x00004039   Thumb Code    78  tasks.o(.text)
    xTaskCreate                              0x00004087   Thumb Code   100  tasks.o(.text)
    vTaskDelete                              0x0000413d   Thumb Code   144  tasks.o(.text)
    xTaskIncrementTick                       0x000041cd   Thumb Code   334  tasks.o(.text)
    xTaskResumeAll                           0x0000431b   Thumb Code   206  tasks.o(.text)
    vTaskSuspendAll                          0x0000444d   Thumb Code    12  tasks.o(.text)
    vTaskDelayUntil                          0x00004459   Thumb Code   112  tasks.o(.text)
    vTaskDelay                               0x000044c9   Thumb Code    52  tasks.o(.text)
    eTaskGetState                            0x000044fd   Thumb Code   104  tasks.o(.text)
    uxTaskPriorityGet                        0x00004565   Thumb Code    30  tasks.o(.text)
    uxTaskPriorityGetFromISR                 0x00004583   Thumb Code    52  tasks.o(.text)
    vTaskPrioritySet                         0x000045b7   Thumb Code   226  tasks.o(.text)
    vTaskSwitchContext                       0x00004699   Thumb Code   232  tasks.o(.text)
    vTaskSuspend                             0x00004781   Thumb Code   146  tasks.o(.text)
    vTaskResume                              0x0000484b   Thumb Code   120  tasks.o(.text)
    xTaskResumeFromISR                       0x000048c3   Thumb Code   146  tasks.o(.text)
    vTaskStartScheduler                      0x000049b1   Thumb Code   132  tasks.o(.text)
    vTaskEndScheduler                        0x00004a35   Thumb Code    32  tasks.o(.text)
    xTaskGetTickCount                        0x00004a55   Thumb Code     6  tasks.o(.text)
    xTaskGetTickCountFromISR                 0x00004a5b   Thumb Code     8  tasks.o(.text)
    uxTaskGetNumberOfTasks                   0x00004a63   Thumb Code     6  tasks.o(.text)
    pcTaskGetName                            0x00004a69   Thumb Code    20  tasks.o(.text)
    vTaskGetInfo                             0x00004a93   Thumb Code   194  tasks.o(.text)
    uxTaskGetSystemState                     0x00004bbf   Thumb Code   152  tasks.o(.text)
    xTaskCatchUpTicks                        0x00004c57   Thumb Code    30  tasks.o(.text)
    vTaskPlaceOnEventList                    0x00004c75   Thumb Code    28  tasks.o(.text)
    vTaskPlaceOnUnorderedEventList           0x00004c91   Thumb Code    40  tasks.o(.text)
    vTaskPlaceOnEventListRestricted          0x00004cb9   Thumb Code    46  tasks.o(.text)
    xTaskRemoveFromEventList                 0x00004ce7   Thumb Code   114  tasks.o(.text)
    vTaskRemoveFromUnorderedEventList        0x00004d59   Thumb Code    92  tasks.o(.text)
    vTaskSetTimeOutState                     0x00004db5   Thumb Code    26  tasks.o(.text)
    vTaskInternalSetTimeOutState             0x00004dcf   Thumb Code    14  tasks.o(.text)
    xTaskCheckForTimeOut                     0x00004ddd   Thumb Code    84  tasks.o(.text)
    vTaskMissedYield                         0x00004e31   Thumb Code     8  tasks.o(.text)
    uxTaskGetTaskNumber                      0x00004e39   Thumb Code    14  tasks.o(.text)
    vTaskSetTaskNumber                       0x00004e47   Thumb Code     8  tasks.o(.text)
    uxTaskGetStackHighWaterMark              0x00004e4f   Thumb Code    34  tasks.o(.text)
    xTaskGetCurrentTaskHandle                0x00004e71   Thumb Code     6  tasks.o(.text)
    xTaskGetSchedulerState                   0x00004e77   Thumb Code    24  tasks.o(.text)
    xTaskPriorityInherit                     0x00004e8f   Thumb Code   174  tasks.o(.text)
    xTaskPriorityDisinherit                  0x00004f3d   Thumb Code   106  tasks.o(.text)
    vTaskPriorityDisinheritAfterTimeout      0x00004fa7   Thumb Code   212  tasks.o(.text)
    uxTaskResetEventItemValue                0x0000507b   Thumb Code    24  tasks.o(.text)
    pvTaskIncrementMutexHeldCount            0x00005093   Thumb Code    26  tasks.o(.text)
    ulTaskNotifyTake                         0x000050ad   Thumb Code   124  tasks.o(.text)
    xTaskNotifyWait                          0x00005129   Thumb Code   166  tasks.o(.text)
    xTaskGenericNotify                       0x000051cf   Thumb Code   202  tasks.o(.text)
    xTaskGenericNotifyFromISR                0x00005299   Thumb Code   250  tasks.o(.text)
    vTaskNotifyGiveFromISR                   0x00005393   Thumb Code   200  tasks.o(.text)
    xTaskNotifyStateClear                    0x0000545b   Thumb Code    48  tasks.o(.text)
    ulTaskNotifyValueClear                   0x0000548b   Thumb Code    46  tasks.o(.text)
    xTimerGenericCommand                     0x00005515   Thumb Code   116  timers.o(.text)
    xTimerCreateTimerTask                    0x0000588d   Thumb Code   128  timers.o(.text)
    xTimerCreate                             0x0000594d   Thumb Code    54  timers.o(.text)
    xTimerCreateStatic                       0x00005983   Thumb Code    48  timers.o(.text)
    xTimerGetTimerDaemonTaskHandle           0x000059b3   Thumb Code     6  timers.o(.text)
    xTimerGetPeriod                          0x000059b9   Thumb Code     8  timers.o(.text)
    vTimerSetReloadMode                      0x000059c1   Thumb Code    46  timers.o(.text)
    uxTimerGetReloadMode                     0x000059ef   Thumb Code    34  timers.o(.text)
    xTimerGetExpiryTime                      0x00005a11   Thumb Code     8  timers.o(.text)
    pcTimerGetName                           0x00005a19   Thumb Code     8  timers.o(.text)
    xTimerIsTimerActive                      0x00005a21   Thumb Code    34  timers.o(.text)
    pvTimerGetTimerID                        0x00005a43   Thumb Code    20  timers.o(.text)
    vTimerSetTimerID                         0x00005a57   Thumb Code    20  timers.o(.text)
    xTimerPendFunctionCallFromISR            0x00005a6b   Thumb Code    62  timers.o(.text)
    xTimerPendFunctionCall                   0x00005aa9   Thumb Code    62  timers.o(.text)
    uxTimerGetTimerNumber                    0x00005ae7   Thumb Code     6  timers.o(.text)
    vTimerSetTimerNumber                     0x00005aed   Thumb Code     4  timers.o(.text)
    __aeabi_memcpy                           0x00005af9   Thumb Code    36  memcpya.o(.text)
    __aeabi_memcpy4                          0x00005af9   Thumb Code     0  memcpya.o(.text)
    __aeabi_memcpy8                          0x00005af9   Thumb Code     0  memcpya.o(.text)
    __aeabi_memset                           0x00005b1d   Thumb Code    14  memseta.o(.text)
    __aeabi_memset4                          0x00005b1d   Thumb Code     0  memseta.o(.text)
    __aeabi_memset8                          0x00005b1d   Thumb Code     0  memseta.o(.text)
    __aeabi_memclr                           0x00005b2b   Thumb Code     4  memseta.o(.text)
    __aeabi_memclr4                          0x00005b2b   Thumb Code     0  memseta.o(.text)
    __aeabi_memclr8                          0x00005b2b   Thumb Code     0  memseta.o(.text)
    _memset$wrapper                          0x00005b2f   Thumb Code    18  memseta.o(.text)
    __scatterload                            0x00005b41   Thumb Code    28  init.o(.text)
    __scatterload_rt2                        0x00005b41   Thumb Code     0  init.o(.text)
    __scatterload_copy                       0x00005b65   Thumb Code    14  handlers.o(i.__scatterload_copy)
    __scatterload_null                       0x00005b73   Thumb Code     2  handlers.o(i.__scatterload_null)
    __scatterload_zeroinit                   0x00005b75   Thumb Code    14  handlers.o(i.__scatterload_zeroinit)
    EventRecorderInfo                        0x00005ba4   Data          24  eventrecorder.o(.constdata)
    Region$$Table$$Base                      0x00005bbc   Number         0  anon$$obj.o(Region$$Table)
    Region$$Table$$Limit                     0x00005bdc   Number         0  anon$$obj.o(Region$$Table)
    processorThread                          0x20000000   Data           4  mersenne.o(.data)
    transmitterThread                        0x20000004   Data           4  mersenne.o(.data)
    receiverThread                           0x20000008   Data           4  mersenne.o(.data)
    transmitQueue                            0x2000000c   Data           4  mersenne.o(.data)
    receiveQueue                             0x20000010   Data           4  mersenne.o(.data)
    status                                   0x20000014   Data           1  mersenne.o(.data)
    SystemCoreClock                          0x20000020   Data           4  system_armcm3.o(.data)
    pxCurrentTCB                             0x2000004c   Data           4  tasks.o(.data)
    __initial_sp                             0x20002e20   Data           0  startup_armcm3.o(STACK)



==============================================================================

Memory Map of the image

  Image Entry point : 0x000000c1

  Load Region LR_IROM1 (Base: 0x00000000, Size: 0x00005c78, Max: 0x00040000, ABSOLUTE)

    Execution Region ER_IROM1 (Exec base: 0x00000000, Load base: 0x00000000, Size: 0x00005bdc, Max: 0x00040000, ABSOLUTE)

    Exec Addr    Load Addr    Size         Type   Attr      Idx    E Section Name        Object

    0x00000000   0x00000000   0x000000c0   Data   RO          273    RESET               startup_armcm3.o
    0x000000c0   0x000000c0   0x00000000   Code   RO          578  * .ARM.Collect$$$$00000000  mc_w.l(entry.o)
    0x000000c0   0x000000c0   0x00000004   Code   RO          587    .ARM.Collect$$$$00000001  mc_w.l(entry2.o)
    0x000000c4   0x000000c4   0x00000004   Code   RO          590    .ARM.Collect$$$$00000004  mc_w.l(entry5.o)
    0x000000c8   0x000000c8   0x00000000   Code   RO          592    .ARM.Collect$$$$00000008  mc_w.l(entry7b.o)
    0x000000c8   0x000000c8   0x00000000   Code   RO          594    .ARM.Collect$$$$0000000A  mc_w.l(entry8b.o)
    0x000000c8   0x000000c8   0x00000008   Code   RO          595    .ARM.Collect$$$$0000000B  mc_w.l(entry9a.o)
    0x000000d0   0x000000d0   0x00000004   Code   RO          602    .ARM.Collect$$$$0000000E  mc_w.l(entry12b.o)
    0x000000d4   0x000000d4   0x00000000   Code   RO          597    .ARM.Collect$$$$0000000F  mc_w.l(entry10a.o)
    0x000000d4   0x000000d4   0x00000000   Code   RO          599    .ARM.Collect$$$$00000011  mc_w.l(entry11a.o)
    0x000000d4   0x000000d4   0x00000004   Code   RO          588    .ARM.Collect$$$$00002712  mc_w.l(entry2.o)
    0x000000d8   0x000000d8   0x00000074   Code   RO          233    .emb_text           eventrecorder.o
    0x0000014c   0x0000014c   0x00000096   Code   RO          439    .emb_text           port.o
    0x000001e2   0x000001e2   0x00000002   PAD
    0x000001e4   0x000001e4   0x000001d8   Code   RO            4    .text               mersenne.o
    0x000003bc   0x000003bc   0x00001998   Code   RO          134    .text               cmsis_os2.o
    0x00001d54   0x00001d54   0x000000fc   Code   RO          207    .text               os_systick.o
    0x00001e50   0x00001e50   0x000005f8   Code   RO          234    .text               eventrecorder.o
    0x00002448   0x00002448   0x00000024   Code   RO          274    .text               startup_armcm3.o
    0x0000246c   0x0000246c   0x00000028   Code   RO          281    .text               system_armcm3.o
    0x00002494   0x00002494   0x000006e8   Code   RO          312    .text               freertos_evr.o
    0x00002b7c   0x00002b7c   0x000003a0   Code   RO          343    .text               event_groups.o
    0x00002f1c   0x00002f1c   0x00000094   Code   RO          385    .text               list.o
    0x00002fb0   0x00002fb0   0x00000278   Code   RO          412    .text               heap_4.o
    0x00003228   0x00003228   0x00000100   Code   RO          440    .text               port.o
    0x00003328   0x00003328   0x00000b84   Code   RO          481    .text               queue.o
    0x00003eac   0x00003eac   0x00001618   Code   RO          508    .text               tasks.o
    0x000054c4   0x000054c4   0x00000634   Code   RO          551    .text               timers.o
    0x00005af8   0x00005af8   0x00000024   Code   RO          581    .text               mc_w.l(memcpya.o)
    0x00005b1c   0x00005b1c   0x00000024   Code   RO          583    .text               mc_w.l(memseta.o)
    0x00005b40   0x00005b40   0x00000024   Code   RO          603    .text               mc_w.l(init.o)
    0x00005b64   0x00005b64   0x0000000e   Code   RO          607    i.__scatterload_copy  mc_w.l(handlers.o)
    0x00005b72   0x00005b72   0x00000002   Code   RO          608    i.__scatterload_null  mc_w.l(handlers.o)
    0x00005b74   0x00005b74   0x0000000e   Code   RO          609    i.__scatterload_zeroinit  mc_w.l(handlers.o)
    0x00005b82   0x00005b82   0x00000002   PAD
    0x00005b84   0x00005b84   0x00000020   Data   RO            5    .constdata          mersenne.o
    0x00005ba4   0x00005ba4   0x00000018   Data   RO          236    .constdata          eventrecorder.o
    0x00005bbc   0x00005bbc   0x00000020   Data   RO          605    Region$$Table       anon$$obj.o


    Execution Region RW_IRAM1 (Exec base: 0x20000000, Load base: 0x00005bdc, Size: 0x00002e20, Max: 0x00020000, ABSOLUTE)

    Exec Addr    Load Addr    Size         Type   Attr      Idx    E Section Name        Object

    0x20000000   0x00005bdc   0x00000015   Data   RW            6    .data               mersenne.o
    0x20000015   0x00005bf1   0x00000003   PAD
    0x20000018   0x00005bf4   0x00000004   Data   RW          136    .data               cmsis_os2.o
    0x2000001c   0x00005bf8   0x00000001   Data   RW          208    .data               os_systick.o
    0x2000001d   0x00005bf9   0x00000003   PAD
    0x20000020   0x00005bfc   0x00000004   Data   RW          282    .data               system_armcm3.o
    0x20000024   0x00005c00   0x00000001   Data   RW          313    .data               freertos_evr.o
    0x20000025   0x00005c01   0x00000003   PAD
    0x20000028   0x00005c04   0x00000020   Data   RW          414    .data               heap_4.o
    0x20000048   0x00005c24   0x00000004   Data   RW          441    .data               port.o
    0x2000004c   0x00005c28   0x0000003c   Data   RW          510    .data               tasks.o
    0x20000088   0x00005c64   0x00000014   Data   RW          553    .data               timers.o
    0x2000009c        -       0x000003f8   Zero   RW          135    .bss                cmsis_os2.o
    0x20000494        -       0x00002000   Zero   RW          413    .bss                heap_4.o
    0x20002494        -       0x000004c4   Zero   RW          509    .bss                tasks.o
    0x20002958        -       0x000000c8   Zero   RW          552    .bss                timers.o
    0x20002a20        -       0x00000400   Zero   RW          271    STACK               startup_armcm3.o


    Execution Region RW_IRAM2 (Exec base: 0x20020000, Load base: 0x00005c78, Size: 0x000004a4, Max: 0x00002000, ABSOLUTE, UNINIT)

    Exec Addr    Load Addr    Size         Type   Attr      Idx    E Section Name        Object

    0x20020000        -       0x000004a4   Zero   RW          235    .bss.noinit         eventrecorder.o


==============================================================================

Image component sizes


      Code (inc. data)   RO Data    RW Data    ZI Data      Debug   Object Name

         0          0          0          0          0      15460   clib_arm.o
      6552        116          0          4       1016      80727   cmsis_os2.o
       928          4          0          0          0      15529   event_groups.o
      1644         42         24          0       1188      15140   eventrecorder.o
      1768         26          0          1          0      21552   freertos_evr.o
       632         32          0         32       8192       3870   heap_4.o
       148          0          0          0          0       7166   list.o
       472         30         32         21          0      11493   mersenne.o
       252         16          0          1          0       2196   os_systick.o
       406         30          0          4          0       6936   port.o
      2948         18          0          0          0      19713   queue.o
        36          8        192          0       1024        780   startup_armcm3.o
        40         18          0          4          0        769   system_armcm3.o
      5656        318          0         60       1220      39214   tasks.o
      1588         70          0         20        200      13447   timers.o

    ----------------------------------------------------------------------
     23072        728        280        156      12840     253992   Object Totals
         0          0         32          0          0          0   (incl. Generated)
         2          0          0          9          0          0   (incl. Padding)

    ----------------------------------------------------------------------

      Code (inc. data)   RO Data    RW Data    ZI Data      Debug   Library Member Name

         0          0          0          0          0          0   entry.o
         0          0          0          0          0          0   entry10a.o
         0          0          0          0          0          0   entry11a.o
         4          0          0          0          0          0   entry12b.o
         8          4          0          0          0          0   entry2.o
         4          0          0          0          0          0   entry5.o
         0          0          0          0          0          0   entry7b.o
         0          0          0          0          0          0   entry8b.o
         8          4          0          0          0          0   entry9a.o
        30          0          0          0          0          0   handlers.o
        36          8          0          0          0         68   init.o
        36          0          0          0          0         68   memcpya.o
        36          0          0          0          0        108   memseta.o

    ----------------------------------------------------------------------
       164         16          0          0          0        244   Library Totals
         2          0          0          0          0          0   (incl. Padding)

    ----------------------------------------------------------------------

      Code (inc. data)   RO Data    RW Data    ZI Data      Debug   Library Name

       162         16          0          0          0        244   mc_w.l

    ----------------------------------------------------------------------
       164         16          0          0          0        244   Library Totals

    ----------------------------------------------------------------------

==============================================================================


      Code (inc. data)   RO Data    RW Data    ZI Data      Debug   

     23236        744        280        156      12840     252932   Grand Totals
     23236        744        280        156      12840     252932   ELF Image Totals
     23236        744        280        156          0          0   ROM Totals

==============================================================================

    Total RO  Size (Code + RO Data)                23516 (  22.96kB)
    Total RW  Size (RW Data + ZI Data)             12996 (  12.69kB)
    Total ROM Size (Code + RO Data + RW Data)      23672 (  23.12kB)

==============================================================================

